No tests found, exiting with code 1
Run with `--passWithNoTests` to exit with code 0
In /Users/felipegzr/Desktop/Codigos Python Chatgpt/appcalendario
  22 files checked.
  testMatch: **/__tests__/**/*.[jt]s?(x), **/?(*.)+(spec|test).[tj]s?(x) - 0 matches
  testPathIgnorePatterns: /node_modules/ - 22 matches
  testRegex:  - 0 matches
Pattern:  - 0 matches
